2026-Aug-03 18:31:20.0599 96165:96211 [2] int nccl_net_ofi_create_plugin(nccl_net_ofi_plugin_t**):273 CCOM WARN NET/OFI Failed to initialize rdma protocol
2026-Aug-03 18:31:20.0602 96165:96211 [2] int nccl_net_ofi_create_plugin(nccl_net_ofi_plugin_t**):416 CCOM WARN NET/OFI aws-ofi-nccl initialization failed
2026-Aug-03 18:31:20.0604 96165:96211 [2] ncclResult_t nccl_net_ofi_init(ncclDebugLogger_t):78 CCOM WARN NET/OFI Initializing plugin failed
2026-Aug-03 18:31:20.0607 96165:96211 [2] net_plugin.cc:104 CCOM WARN OFI plugin initNet() failed is EFA enabled?
====================================================================================
VERIFY THE FIX: is the ~52 ms per call really the neuron-ls subprocess?
====================================================================================
  _detect_target() -> 'trn2' in 51.78 ms  (one call, in isolation)
  this is the value the override will be set to — not a hardcoded guess

  28 chained NKI calls, median of 3, tile [512, 3072] bf16

2026-08-03 18:31:20.000970:  96165  [INFO]: Using a cached neff at /var/tmp/neuron-compile-cache/neuronxcc-2.26.6360.0+6f180f47/MODULE_5197417722028701154+fad94d7c/model.neff
2026-08-03 18:31:22.000451:  96165  [INFO]: Using a cached neff at /var/tmp/neuron-compile-cache/neuronxcc-2.26.6360.0+6f180f47/MODULE_4068602805350264558+fad94d7c/model.neff
  baseline (no override)               1459.10 ms total     52.11 ms/call   cos_sim 0.999939
  Fix A: NEURON_PLATFORM_TARGET_OVERRIDE=trn2     13.85 ms total      0.49 ms/call   cos_sim 0.999939
  Fix B: lru_cache(_detect_target)       13.20 ms total      0.47 ms/call   cos_sim 0.999939
  baseline again (control)             1457.89 ms total     52.07 ms/call   cos_sim 0.999939

====================================================================================
VERDICT
====================================================================================
  baseline             52.11 ms/call
  baseline again       52.07 ms/call   (within 0.1% of the first — so the ordering isn't the cause)
  Fix A (env)           0.49 ms/call     105.3x faster
  Fix B (lru_cache)     0.47 ms/call     110.5x faster

  accuracy unchanged? baseline 0.999939  A 0.999939  B 0.999939

  CONFIRMED. Both fixes remove most of the per-call cost with no accuracy change.
  The 208x MFU regression was an uncached subprocess in NKI's dispatch path, not
  a structural mismatch between the Kernel Hub's per-layer model and Neuron.
  -> re-run scripts/measure_mfu.py with the fix applied before concluding anything
     about whether the kernels are a net win.

----- stderr -----
/home/ubuntu/hf-kernels-neuron/scripts/probe_target_override_fix.py:60: DeprecationWarning: Use torch_xla.device instead
  dev = xm.xla_device()
/home/ubuntu/hf-kernels-neuron/scripts/probe_target_override_fix.py:93: DeprecationWarning: Use torch_xla.sync instead
  xm.mark_step()
/home/ubuntu/hf-kernels-neuron/scripts/probe_target_override_fix.py:98: DeprecationWarning: Use torch_xla.sync instead
  xm.mark_step()
/home/ubuntu/hf-kernels-neuron/scripts/probe_target_override_fix.py:104: DeprecationWarning: Use torch_xla.sync instead
  xm.mark_step()
/home/ubuntu/hf-kernels-neuron/scripts/probe_target_override_fix.py:98: DeprecationWarning: Use torch_xla.sync instead
  xm.mark_step()
/home/ubuntu/hf-kernels-neuron/scripts/probe_target_override_fix.py:104: DeprecationWarning: Use torch_xla.sync instead
  xm.mark_step()
/home/ubuntu/hf-kernels-neuron/scripts/probe_target_override_fix.py:98: DeprecationWarning: Use torch_xla.sync instead
  xm.mark_step()
/home/ubuntu/hf-kernels-neuron/scripts/probe_target_override_fix.py:104: DeprecationWarning: Use torch_xla.sync instead
  xm.mark_step()
/home/ubuntu/hf-kernels-neuron/scripts/probe_target_override_fix.py:110: DeprecationWarning: Use torch_xla.sync instead
  xm.mark_step()
/home/ubuntu/hf-kernels-neuron/scripts/probe_target_override_fix.py:93: DeprecationWarning: Use torch_xla.sync instead
  xm.mark_step()
/home/ubuntu/hf-kernels-neuron/scripts/probe_target_override_fix.py:98: DeprecationWarning: Use torch_xla.sync instead
  xm.mark_step()
/home/ubuntu/hf-kernels-neuron/scripts/probe_target_override_fix.py:104: DeprecationWarning: Use torch_xla.sync instead
  xm.mark_step()
/home/ubuntu/hf-kernels-neuron/scripts/probe_target_override_fix.py:93: DeprecationWarning: Use torch_xla.sync instead
  xm.mark_step()
/home/ubuntu/hf-kernels-neuron/scripts/probe_target_override_fix.py:98: DeprecationWarning: Use torch_xla.sync instead
  xm.mark_step()
/home/ubuntu/hf-kernels-neuron/scripts/probe_target_override_fix.py:104: DeprecationWarning: Use torch_xla.sync instead
  xm.mark_step()
/home/ubuntu/hf-kernels-neuron/scripts/probe_target_override_fix.py:110: DeprecationWarning: Use torch_xla.sync instead
  xm.mark_step()
/home/ubuntu/hf-kernels-neuron/scripts/probe_target_override_fix.py:93: DeprecationWarning: Use torch_xla.sync instead
  xm.mark_step()
/home/ubuntu/hf-kernels-neuron/scripts/probe_target_override_fix.py:98: DeprecationWarning: Use torch_xla.sync instead
  xm.mark_step()
/home/ubuntu/hf-kernels-neuron/scripts/probe_target_override_fix.py:104: DeprecationWarning: Use torch_xla.sync instead
  xm.mark_step()
/home/ubuntu/hf-kernels-neuron/scripts/probe_target_override_fix.py:98: DeprecationWarning: Use torch_xla.sync instead
  xm.mark_step()
/home/ubuntu/hf-kernels-neuron/scripts/probe_target_override_fix.py:104: DeprecationWarning: Use torch_xla.sync instead
  xm.mark_step()
/home/ubuntu/hf-kernels-neuron/scripts/probe_target_override_fix.py:98: DeprecationWarning: Use torch_xla.sync instead
  xm.mark_step()
/home/ubuntu/hf-kernels-neuron/scripts/probe_target_override_fix.py:104: DeprecationWarning: Use torch_xla.sync instead
  xm.mark_step()
/home/ubuntu/hf-kernels-neuron/scripts/probe_target_override_fix.py:110: DeprecationWarning: Use torch_xla.sync instead
  xm.mark_step()
