2026-Aug-03 18:55:40.0532 116300:116337 [0] int nccl_net_ofi_create_plugin(nccl_net_ofi_plugin_t**):273 CCOM WARN NET/OFI Failed to initialize rdma protocol
2026-Aug-03 18:55:40.0535 116300:116337 [0] int nccl_net_ofi_create_plugin(nccl_net_ofi_plugin_t**):416 CCOM WARN NET/OFI aws-ofi-nccl initialization failed
2026-Aug-03 18:55:40.0538 116300:116337 [0] ncclResult_t nccl_net_ofi_init(ncclDebugLogger_t):78 CCOM WARN NET/OFI Initializing plugin failed
2026-Aug-03 18:55:40.0540 116300:116337 [0] net_plugin.cc:104 CCOM WARN OFI plugin initNet() failed is EFA enabled?
mode=kernelized seq=512 batch=1 layers=28
  inspect dir: /home/ubuntu/hf-kernels-neuron/results/raw/prof_model_kernelized
  NEURON_CC_FLAGS=(unset — compiler defaults)
2026-08-03 18:56:03.000746:  116300  [INFO]: Using a cached neff at /var/tmp/neuron-compile-cache/neuronxcc-2.26.6360.0+6f180f47/MODULE_312532882241974584+fad94d7c/model.neff
  iter 0: wall   3812.13 ms  (compile)
  iter 1: wall    165.90 ms
  iter 2: wall    153.01 ms
  iter 3: wall    153.43 ms

  steady-state wall [153.011, 153.43, 165.896] ms, median 153.43 ms -> wall_times.json

  1 NEFF(s), 1 NTFF(s) written under /home/ubuntu/hf-kernels-neuron/results/raw/prof_model_kernelized
  (a full model emits several; device time must be SUMMED across them)
    neff_730434852645120_vnc_0.neff  (4430 KiB)

----- stderr -----
/home/ubuntu/hf-kernels-neuron/scripts/profile_model_device_time.py:93: DeprecationWarning: Use torch_xla.device instead
  dev = xm.xla_device()
[transformers] `torch_dtype` is deprecated! Use `dtype` instead!
/home/ubuntu/hf-kernels-neuron/scripts/profile_model_device_time.py:122: DeprecationWarning: Use torch_xla.sync instead
  xm.mark_step()
